FixPointExpr(GreatestFixpoint)
    Variable(X)
    FixPointExpr(LeastFixpoint)
        Variable(Y)
        BinaryExpr(Disjunction)
            BinaryExpr(Disjunction)
                BinaryExpr(DiamondModality)
                    Action("tau")
                    Variable(Y)
                BinaryExpr(DiamondModality)
                    Action("a")
                    Variable(Y)
            BinaryExpr(DiamondModality)
                Action("b")
                Variable(X)
