BinaryExpr(LeastFixpoint)
    Variable(X)
    BinaryExpr(Conjunction)
        BinaryExpr(BoxModality)
            Action("tau")
            Variable(X)
        BinaryExpr(Disjunction)
            BinaryExpr(DiamondModality)
                Action("tau")
                UnaryExpr(SimpleTrue)
            BinaryExpr(DiamondModality)
                Action("a")
                UnaryExpr(SimpleTrue)
